// Jest Snapshot v1, https://goo.gl/fbAQLP

exports[`renders without crashing 1`] = `
App {
  "_reactInternalFiber": FiberNode {
    "_debugID": 4,
    "_debugIsCurrentlyTiming": false,
    "_debugOwner": null,
    "_debugSource": Object {
      "fileName": "/Users/Flavio/PersonalProjects/interview-tests/weather-control/src/__tests__/App.test.js",
      "lineNumber": 15,
    },
    "alternate": FiberNode {
      "_debugID": 4,
      "_debugIsCurrentlyTiming": false,
      "_debugOwner": null,
      "_debugSource": Object {
        "fileName": "/Users/Flavio/PersonalProjects/interview-tests/weather-control/src/__tests__/App.test.js",
        "lineNumber": 15,
      },
      "alternate": [Circular],
      "child": FiberNode {
        "_debugID": 5,
        "_debugIsCurrentlyTiming": false,
        "_debugOwner": [Circular],
        "_debugSource": Object {
          "fileName": "/Users/Flavio/PersonalProjects/interview-tests/weather-control/src/App.js",
          "lineNumber": 84,
        },
        "alternate": FiberNode {
          "_debugID": 5,
          "_debugIsCurrentlyTiming": false,
          "_debugOwner": [Circular],
          "_debugSource": Object {
            "fileName": "/Users/Flavio/PersonalProjects/interview-tests/weather-control/src/App.js",
            "lineNumber": 84,
          },
          "alternate": [Circular],
          "child": null,
          "effectTag": 0,
          "expirationTime": 0,
          "firstEffect": null,
          "index": 0,
          "key": null,
          "lastEffect": null,
          "memoizedProps": Object {
            "children": false,
            "className": "App",
          },
          "memoizedState": null,
          "mode": 0,
          "nextEffect": null,
          "pendingProps": Object {
            "children": false,
            "className": "App",
          },
          "ref": null,
          "return": [Circular],
          "sibling": null,
          "stateNode": <div
            class="App"
/>,
          "tag": 5,
          "type": "div",
          "updateQueue": null,
        },
        "child": null,
        "effectTag": 0,
        "expirationTime": 0,
        "firstEffect": null,
        "index": 0,
        "key": null,
        "lastEffect": null,
        "memoizedProps": Object {
          "children": false,
          "className": "App",
        },
        "memoizedState": null,
        "mode": 0,
        "nextEffect": null,
        "pendingProps": Object {
          "children": false,
          "className": "App",
        },
        "ref": null,
        "return": [Circular],
        "sibling": null,
        "stateNode": <div
          class="App"
/>,
        "tag": 5,
        "type": "div",
        "updateQueue": null,
      },
      "effectTag": 1,
      "expirationTime": 0,
      "firstEffect": null,
      "index": 0,
      "key": null,
      "lastEffect": null,
      "memoizedProps": Object {},
      "memoizedState": Object {
        "city": "",
        "citySearch": "",
        "data": Array [],
        "loading": true,
      },
      "mode": 0,
      "nextEffect": null,
      "pendingProps": Object {},
      "ref": null,
      "return": FiberNode {
        "_debugID": 1,
        "_debugIsCurrentlyTiming": false,
        "_debugOwner": null,
        "_debugSource": null,
        "alternate": FiberNode {
          "_debugID": 1,
          "_debugIsCurrentlyTiming": false,
          "_debugOwner": null,
          "_debugSource": null,
          "alternate": [Circular],
          "child": [Circular],
          "effectTag": 32,
          "expirationTime": 1,
          "firstEffect": [Circular],
          "index": 0,
          "key": null,
          "lastEffect": [Circular],
          "memoizedProps": null,
          "memoizedState": Object {
            "element": <App />,
          },
          "mode": 0,
          "nextEffect": null,
          "pendingProps": null,
          "ref": null,
          "return": null,
          "sibling": null,
          "stateNode": Object {
            "containerInfo": <div>
              <div
                            class="App"
              />
</div>,
            "context": Object {},
            "current": [Circular],
            "finishedWork": null,
            "firstBatch": null,
            "hydrate": false,
            "nextScheduledRoot": null,
            "pendingChildren": null,
            "pendingCommitExpirationTime": 0,
            "pendingContext": null,
            "remainingExpirationTime": 0,
          },
          "tag": 3,
          "type": null,
          "updateQueue": Object {
            "baseState": Object {
              "element": <App />,
            },
            "callbackList": null,
            "capturedValues": null,
            "expirationTime": 0,
            "first": null,
            "hasForceUpdate": false,
            "isInitialized": true,
            "isProcessing": false,
            "last": null,
          },
        },
        "child": [Circular],
        "effectTag": 0,
        "expirationTime": 0,
        "firstEffect": null,
        "index": 0,
        "key": null,
        "lastEffect": null,
        "memoizedProps": null,
        "memoizedState": Object {
          "element": <App />,
        },
        "mode": 0,
        "nextEffect": null,
        "pendingProps": null,
        "ref": null,
        "return": null,
        "sibling": null,
        "stateNode": Object {
          "containerInfo": <div>
            <div
                        class="App"
            />
</div>,
          "context": Object {},
          "current": [Circular],
          "finishedWork": null,
          "firstBatch": null,
          "hydrate": false,
          "nextScheduledRoot": null,
          "pendingChildren": null,
          "pendingCommitExpirationTime": 0,
          "pendingContext": null,
          "remainingExpirationTime": 0,
        },
        "tag": 3,
        "type": null,
        "updateQueue": null,
      },
      "sibling": null,
      "stateNode": [Circular],
      "tag": 2,
      "type": [Function],
      "updateQueue": null,
    },
    "child": FiberNode {
      "_debugID": 5,
      "_debugIsCurrentlyTiming": false,
      "_debugOwner": [Circular],
      "_debugSource": Object {
        "fileName": "/Users/Flavio/PersonalProjects/interview-tests/weather-control/src/App.js",
        "lineNumber": 84,
      },
      "alternate": FiberNode {
        "_debugID": 5,
        "_debugIsCurrentlyTiming": false,
        "_debugOwner": FiberNode {
          "_debugID": 4,
          "_debugIsCurrentlyTiming": false,
          "_debugOwner": null,
          "_debugSource": Object {
            "fileName": "/Users/Flavio/PersonalProjects/interview-tests/weather-control/src/__tests__/App.test.js",
            "lineNumber": 15,
          },
          "alternate": [Circular],
          "child": [Circular],
          "effectTag": 1,
          "expirationTime": 0,
          "firstEffect": null,
          "index": 0,
          "key": null,
          "lastEffect": null,
          "memoizedProps": Object {},
          "memoizedState": Object {
            "city": "",
            "citySearch": "",
            "data": Array [],
            "loading": true,
          },
          "mode": 0,
          "nextEffect": null,
          "pendingProps": Object {},
          "ref": null,
          "return": FiberNode {
            "_debugID": 1,
            "_debugIsCurrentlyTiming": false,
            "_debugOwner": null,
            "_debugSource": null,
            "alternate": FiberNode {
              "_debugID": 1,
              "_debugIsCurrentlyTiming": false,
              "_debugOwner": null,
              "_debugSource": null,
              "alternate": [Circular],
              "child": [Circular],
              "effectTag": 32,
              "expirationTime": 1,
              "firstEffect": [Circular],
              "index": 0,
              "key": null,
              "lastEffect": [Circular],
              "memoizedProps": null,
              "memoizedState": Object {
                "element": <App />,
              },
              "mode": 0,
              "nextEffect": null,
              "pendingProps": null,
              "ref": null,
              "return": null,
              "sibling": null,
              "stateNode": Object {
                "containerInfo": <div>
                  <div
                                    class="App"
                  />
</div>,
                "context": Object {},
                "current": [Circular],
                "finishedWork": null,
                "firstBatch": null,
                "hydrate": false,
                "nextScheduledRoot": null,
                "pendingChildren": null,
                "pendingCommitExpirationTime": 0,
                "pendingContext": null,
                "remainingExpirationTime": 0,
              },
              "tag": 3,
              "type": null,
              "updateQueue": Object {
                "baseState": Object {
                  "element": <App />,
                },
                "callbackList": null,
                "capturedValues": null,
                "expirationTime": 0,
                "first": null,
                "hasForceUpdate": false,
                "isInitialized": true,
                "isProcessing": false,
                "last": null,
              },
            },
            "child": [Circular],
            "effectTag": 0,
            "expirationTime": 0,
            "firstEffect": null,
            "index": 0,
            "key": null,
            "lastEffect": null,
            "memoizedProps": null,
            "memoizedState": Object {
              "element": <App />,
            },
            "mode": 0,
            "nextEffect": null,
            "pendingProps": null,
            "ref": null,
            "return": null,
            "sibling": null,
            "stateNode": Object {
              "containerInfo": <div>
                <div
                                class="App"
                />
</div>,
              "context": Object {},
              "current": [Circular],
              "finishedWork": null,
              "firstBatch": null,
              "hydrate": false,
              "nextScheduledRoot": null,
              "pendingChildren": null,
              "pendingCommitExpirationTime": 0,
              "pendingContext": null,
              "remainingExpirationTime": 0,
            },
            "tag": 3,
            "type": null,
            "updateQueue": null,
          },
          "sibling": null,
          "stateNode": [Circular],
          "tag": 2,
          "type": [Function],
          "updateQueue": null,
        },
        "_debugSource": Object {
          "fileName": "/Users/Flavio/PersonalProjects/interview-tests/weather-control/src/App.js",
          "lineNumber": 84,
        },
        "alternate": [Circular],
        "child": null,
        "effectTag": 0,
        "expirationTime": 0,
        "firstEffect": null,
        "index": 0,
        "key": null,
        "lastEffect": null,
        "memoizedProps": Object {
          "children": false,
          "className": "App",
        },
        "memoizedState": null,
        "mode": 0,
        "nextEffect": null,
        "pendingProps": Object {
          "children": false,
          "className": "App",
        },
        "ref": null,
        "return": FiberNode {
          "_debugID": 4,
          "_debugIsCurrentlyTiming": false,
          "_debugOwner": null,
          "_debugSource": Object {
            "fileName": "/Users/Flavio/PersonalProjects/interview-tests/weather-control/src/__tests__/App.test.js",
            "lineNumber": 15,
          },
          "alternate": [Circular],
          "child": [Circular],
          "effectTag": 1,
          "expirationTime": 0,
          "firstEffect": null,
          "index": 0,
          "key": null,
          "lastEffect": null,
          "memoizedProps": Object {},
          "memoizedState": Object {
            "city": "",
            "citySearch": "",
            "data": Array [],
            "loading": true,
          },
          "mode": 0,
          "nextEffect": null,
          "pendingProps": Object {},
          "ref": null,
          "return": FiberNode {
            "_debugID": 1,
            "_debugIsCurrentlyTiming": false,
            "_debugOwner": null,
            "_debugSource": null,
            "alternate": FiberNode {
              "_debugID": 1,
              "_debugIsCurrentlyTiming": false,
              "_debugOwner": null,
              "_debugSource": null,
              "alternate": [Circular],
              "child": [Circular],
              "effectTag": 32,
              "expirationTime": 1,
              "firstEffect": [Circular],
              "index": 0,
              "key": null,
              "lastEffect": [Circular],
              "memoizedProps": null,
              "memoizedState": Object {
                "element": <App />,
              },
              "mode": 0,
              "nextEffect": null,
              "pendingProps": null,
              "ref": null,
              "return": null,
              "sibling": null,
              "stateNode": Object {
                "containerInfo": <div>
                  <div
                                    class="App"
                  />
</div>,
                "context": Object {},
                "current": [Circular],
                "finishedWork": null,
                "firstBatch": null,
                "hydrate": false,
                "nextScheduledRoot": null,
                "pendingChildren": null,
                "pendingCommitExpirationTime": 0,
                "pendingContext": null,
                "remainingExpirationTime": 0,
              },
              "tag": 3,
              "type": null,
              "updateQueue": Object {
                "baseState": Object {
                  "element": <App />,
                },
                "callbackList": null,
                "capturedValues": null,
                "expirationTime": 0,
                "first": null,
                "hasForceUpdate": false,
                "isInitialized": true,
                "isProcessing": false,
                "last": null,
              },
            },
            "child": [Circular],
            "effectTag": 0,
            "expirationTime": 0,
            "firstEffect": null,
            "index": 0,
            "key": null,
            "lastEffect": null,
            "memoizedProps": null,
            "memoizedState": Object {
              "element": <App />,
            },
            "mode": 0,
            "nextEffect": null,
            "pendingProps": null,
            "ref": null,
            "return": null,
            "sibling": null,
            "stateNode": Object {
              "containerInfo": <div>
                <div
                                class="App"
                />
</div>,
              "context": Object {},
              "current": [Circular],
              "finishedWork": null,
              "firstBatch": null,
              "hydrate": false,
              "nextScheduledRoot": null,
              "pendingChildren": null,
              "pendingCommitExpirationTime": 0,
              "pendingContext": null,
              "remainingExpirationTime": 0,
            },
            "tag": 3,
            "type": null,
            "updateQueue": null,
          },
          "sibling": null,
          "stateNode": [Circular],
          "tag": 2,
          "type": [Function],
          "updateQueue": null,
        },
        "sibling": null,
        "stateNode": <div
          class="App"
/>,
        "tag": 5,
        "type": "div",
        "updateQueue": null,
      },
      "child": null,
      "effectTag": 0,
      "expirationTime": 0,
      "firstEffect": null,
      "index": 0,
      "key": null,
      "lastEffect": null,
      "memoizedProps": Object {
        "children": false,
        "className": "App",
      },
      "memoizedState": null,
      "mode": 0,
      "nextEffect": null,
      "pendingProps": Object {
        "children": false,
        "className": "App",
      },
      "ref": null,
      "return": [Circular],
      "sibling": null,
      "stateNode": <div
        class="App"
/>,
      "tag": 5,
      "type": "div",
      "updateQueue": null,
    },
    "effectTag": 5,
    "expirationTime": 1,
    "firstEffect": null,
    "index": 0,
    "key": null,
    "lastEffect": null,
    "memoizedProps": Object {},
    "memoizedState": Object {
      "city": "",
      "citySearch": "",
      "data": Array [],
      "loading": true,
    },
    "mode": 0,
    "nextEffect": null,
    "pendingProps": Object {},
    "ref": null,
    "return": FiberNode {
      "_debugID": 1,
      "_debugIsCurrentlyTiming": false,
      "_debugOwner": null,
      "_debugSource": null,
      "alternate": FiberNode {
        "_debugID": 1,
        "_debugIsCurrentlyTiming": false,
        "_debugOwner": null,
        "_debugSource": null,
        "alternate": [Circular],
        "child": FiberNode {
          "_debugID": 4,
          "_debugIsCurrentlyTiming": false,
          "_debugOwner": null,
          "_debugSource": Object {
            "fileName": "/Users/Flavio/PersonalProjects/interview-tests/weather-control/src/__tests__/App.test.js",
            "lineNumber": 15,
          },
          "alternate": [Circular],
          "child": FiberNode {
            "_debugID": 5,
            "_debugIsCurrentlyTiming": false,
            "_debugOwner": [Circular],
            "_debugSource": Object {
              "fileName": "/Users/Flavio/PersonalProjects/interview-tests/weather-control/src/App.js",
              "lineNumber": 84,
            },
            "alternate": FiberNode {
              "_debugID": 5,
              "_debugIsCurrentlyTiming": false,
              "_debugOwner": [Circular],
              "_debugSource": Object {
                "fileName": "/Users/Flavio/PersonalProjects/interview-tests/weather-control/src/App.js",
                "lineNumber": 84,
              },
              "alternate": [Circular],
              "child": null,
              "effectTag": 0,
              "expirationTime": 0,
              "firstEffect": null,
              "index": 0,
              "key": null,
              "lastEffect": null,
              "memoizedProps": Object {
                "children": false,
                "className": "App",
              },
              "memoizedState": null,
              "mode": 0,
              "nextEffect": null,
              "pendingProps": Object {
                "children": false,
                "className": "App",
              },
              "ref": null,
              "return": [Circular],
              "sibling": null,
              "stateNode": <div
                class="App"
/>,
              "tag": 5,
              "type": "div",
              "updateQueue": null,
            },
            "child": null,
            "effectTag": 0,
            "expirationTime": 0,
            "firstEffect": null,
            "index": 0,
            "key": null,
            "lastEffect": null,
            "memoizedProps": Object {
              "children": false,
              "className": "App",
            },
            "memoizedState": null,
            "mode": 0,
            "nextEffect": null,
            "pendingProps": Object {
              "children": false,
              "className": "App",
            },
            "ref": null,
            "return": [Circular],
            "sibling": null,
            "stateNode": <div
              class="App"
/>,
            "tag": 5,
            "type": "div",
            "updateQueue": null,
          },
          "effectTag": 1,
          "expirationTime": 0,
          "firstEffect": null,
          "index": 0,
          "key": null,
          "lastEffect": null,
          "memoizedProps": Object {},
          "memoizedState": Object {
            "city": "",
            "citySearch": "",
            "data": Array [],
            "loading": true,
          },
          "mode": 0,
          "nextEffect": null,
          "pendingProps": Object {},
          "ref": null,
          "return": [Circular],
          "sibling": null,
          "stateNode": [Circular],
          "tag": 2,
          "type": [Function],
          "updateQueue": null,
        },
        "effectTag": 0,
        "expirationTime": 0,
        "firstEffect": null,
        "index": 0,
        "key": null,
        "lastEffect": null,
        "memoizedProps": null,
        "memoizedState": Object {
          "element": <App />,
        },
        "mode": 0,
        "nextEffect": null,
        "pendingProps": null,
        "ref": null,
        "return": null,
        "sibling": null,
        "stateNode": Object {
          "containerInfo": <div>
            <div
                        class="App"
            />
</div>,
          "context": Object {},
          "current": [Circular],
          "finishedWork": null,
          "firstBatch": null,
          "hydrate": false,
          "nextScheduledRoot": null,
          "pendingChildren": null,
          "pendingCommitExpirationTime": 0,
          "pendingContext": null,
          "remainingExpirationTime": 0,
        },
        "tag": 3,
        "type": null,
        "updateQueue": null,
      },
      "child": [Circular],
      "effectTag": 32,
      "expirationTime": 1,
      "firstEffect": [Circular],
      "index": 0,
      "key": null,
      "lastEffect": [Circular],
      "memoizedProps": null,
      "memoizedState": Object {
        "element": <App />,
      },
      "mode": 0,
      "nextEffect": null,
      "pendingProps": null,
      "ref": null,
      "return": null,
      "sibling": null,
      "stateNode": Object {
        "containerInfo": <div>
          <div
                    class="App"
          />
</div>,
        "context": Object {},
        "current": FiberNode {
          "_debugID": 1,
          "_debugIsCurrentlyTiming": false,
          "_debugOwner": null,
          "_debugSource": null,
          "alternate": [Circular],
          "child": FiberNode {
            "_debugID": 4,
            "_debugIsCurrentlyTiming": false,
            "_debugOwner": null,
            "_debugSource": Object {
              "fileName": "/Users/Flavio/PersonalProjects/interview-tests/weather-control/src/__tests__/App.test.js",
              "lineNumber": 15,
            },
            "alternate": [Circular],
            "child": FiberNode {
              "_debugID": 5,
              "_debugIsCurrentlyTiming": false,
              "_debugOwner": [Circular],
              "_debugSource": Object {
                "fileName": "/Users/Flavio/PersonalProjects/interview-tests/weather-control/src/App.js",
                "lineNumber": 84,
              },
              "alternate": FiberNode {
                "_debugID": 5,
                "_debugIsCurrentlyTiming": false,
                "_debugOwner": [Circular],
                "_debugSource": Object {
                  "fileName": "/Users/Flavio/PersonalProjects/interview-tests/weather-control/src/App.js",
                  "lineNumber": 84,
                },
                "alternate": [Circular],
                "child": null,
                "effectTag": 0,
                "expirationTime": 0,
                "firstEffect": null,
                "index": 0,
                "key": null,
                "lastEffect": null,
                "memoizedProps": Object {
                  "children": false,
                  "className": "App",
                },
                "memoizedState": null,
                "mode": 0,
                "nextEffect": null,
                "pendingProps": Object {
                  "children": false,
                  "className": "App",
                },
                "ref": null,
                "return": [Circular],
                "sibling": null,
                "stateNode": <div
                  class="App"
/>,
                "tag": 5,
                "type": "div",
                "updateQueue": null,
              },
              "child": null,
              "effectTag": 0,
              "expirationTime": 0,
              "firstEffect": null,
              "index": 0,
              "key": null,
              "lastEffect": null,
              "memoizedProps": Object {
                "children": false,
                "className": "App",
              },
              "memoizedState": null,
              "mode": 0,
              "nextEffect": null,
              "pendingProps": Object {
                "children": false,
                "className": "App",
              },
              "ref": null,
              "return": [Circular],
              "sibling": null,
              "stateNode": <div
                class="App"
/>,
              "tag": 5,
              "type": "div",
              "updateQueue": null,
            },
            "effectTag": 1,
            "expirationTime": 0,
            "firstEffect": null,
            "index": 0,
            "key": null,
            "lastEffect": null,
            "memoizedProps": Object {},
            "memoizedState": Object {
              "city": "",
              "citySearch": "",
              "data": Array [],
              "loading": true,
            },
            "mode": 0,
            "nextEffect": null,
            "pendingProps": Object {},
            "ref": null,
            "return": [Circular],
            "sibling": null,
            "stateNode": [Circular],
            "tag": 2,
            "type": [Function],
            "updateQueue": null,
          },
          "effectTag": 0,
          "expirationTime": 0,
          "firstEffect": null,
          "index": 0,
          "key": null,
          "lastEffect": null,
          "memoizedProps": null,
          "memoizedState": Object {
            "element": <App />,
          },
          "mode": 0,
          "nextEffect": null,
          "pendingProps": null,
          "ref": null,
          "return": null,
          "sibling": null,
          "stateNode": [Circular],
          "tag": 3,
          "type": null,
          "updateQueue": null,
        },
        "finishedWork": null,
        "firstBatch": null,
        "hydrate": false,
        "nextScheduledRoot": null,
        "pendingChildren": null,
        "pendingCommitExpirationTime": 0,
        "pendingContext": null,
        "remainingExpirationTime": 0,
      },
      "tag": 3,
      "type": null,
      "updateQueue": Object {
        "baseState": Object {
          "element": <App />,
        },
        "callbackList": null,
        "capturedValues": null,
        "expirationTime": 0,
        "first": null,
        "hasForceUpdate": false,
        "isInitialized": true,
        "isProcessing": false,
        "last": null,
      },
    },
    "sibling": null,
    "stateNode": [Circular],
    "tag": 2,
    "type": [Function],
    "updateQueue": Object {
      "baseState": null,
      "callbackList": null,
      "capturedValues": null,
      "expirationTime": 1,
      "first": Object {
        "callback": null,
        "capturedValue": null,
        "expirationTime": 1,
        "isForced": false,
        "isReplace": false,
        "next": null,
        "partialState": Object {
          "citySearch": "",
        },
      },
      "hasForceUpdate": false,
      "isInitialized": false,
      "isProcessing": false,
      "last": Object {
        "callback": null,
        "capturedValue": null,
        "expirationTime": 1,
        "isForced": false,
        "isReplace": false,
        "next": null,
        "partialState": Object {
          "citySearch": "",
        },
      },
    },
  },
  "_reactInternalInstance": Object {},
  "context": Object {},
  "getWeather": [Function],
  "parseWeatherInformation": [Function],
  "props": Object {},
  "refs": Object {},
  "state": Object {
    "city": "",
    "citySearch": "",
    "data": Array [],
    "loading": true,
  },
  "updater": Object {
    "enqueueForceUpdate": [Function],
    "enqueueReplaceState": [Function],
    "enqueueSetState": [Function],
    "isMounted": [Function],
  },
}
`;
